
Note: No compatibility mode selected!


Circuit: * upc1237_ssr.cir — защита АС: upc1237 + vom1271 + 2x n-mosfet (встречно, общие истоки)

Doing analysis at TEMP = 27.000000 and TNOM = 27.000000

Using SPARSE 1.3 as Direct Linear Solver
Operating point simulation skipped by 'uic',
  now using transient initial conditions.
 Reference value :  2.00000e-07 Reference value :  9.11548e-01 Reference value :  1.79223e+00 Reference value :  2.68755e+00 Reference value :  3.59339e+00 Reference value :  4.49357e+00 Reference value :  5.38923e+00 Reference value :  6.28423e+00 Reference value :  7.18333e+00 Reference value :  8.08223e+00 Reference value :  8.98063e+00
No. of Data Rows : 450214

  Measurements for Transient Analysis

vg_before           =  8.361328e+00
vcs_before          =  9.170669e-15
vgs_before          =  8.36133e+00
vg_after            =  1.102680e-01
vcs_after           =  1.102680e-01
vgs_after           =  3.00461e-11
vspk_after          =  1.696481e-13
iled_after          =  1.068670e-11


Total analysis time (seconds) = 2.51224

Total elapsed time (seconds) = 2.516 

Total DRAM available = 61942.242 MB.
DRAM currently available = 11240.656 MB.
Maximum ngspice program size =   41.406 MB.
Current ngspice program size =   27.465 MB.

Shared ngspice pages =    8.145 MB.
Text (code) pages =    6.512 MB.
Stack = 0 bytes.
Library pages =   19.277 MB.

