
Note: No compatibility mode selected!


Circuit: * upc1237_ssr.cir — защита АС: upc1237 + vom1271 + 2x n-mosfet (встречно, общие истоки)

Doing analysis at TEMP = 100.000000 and TNOM = 27.000000

Using SPARSE 1.3 as Direct Linear Solver
Operating point simulation skipped by 'uic',
  now using transient initial conditions.
 Reference value :  5.00000e-07 Reference value :  2.25069e+00 Reference value :  4.51479e+00 Reference value :  6.76489e+00
No. of Data Rows : 160098

  Measurements for Transient Analysis

vspk                =  1.615967e-01
vamp                =  9.979800e-02
ikey                =  -9.979800e+00
vg_x                =  7.894855e+00
vcs_x               =  1.306540e-01
vgs_x               =  7.76420e+00
rds_key             =  6.19238e-03
rds_each            =  3.09619e-03


Total analysis time (seconds) = 0.890971

Total elapsed time (seconds) = 0.893 

Total DRAM available = 61942.242 MB.
DRAM currently available = 11231.840 MB.
Maximum ngspice program size =   31.551 MB.
Current ngspice program size =   17.590 MB.

Shared ngspice pages =    8.121 MB.
Text (code) pages =    6.512 MB.
Stack = 0 bytes.
Library pages =    9.422 MB.

