
Note: No compatibility mode selected!


Circuit: * upc1237_ssr.cir — защита АС: upc1237 + vom1271 + 2x n-mosfet (встречно, общие истоки)

Doing analysis at TEMP = 27.000000 and TNOM = 27.000000

Using SPARSE 1.3 as Direct Linear Solver
Operating point simulation skipped by 'uic',
  now using transient initial conditions.
 Reference value :  1.00000e-07 Reference value :  4.25739e-01 Reference value :  8.54609e-01 Reference value :  1.28240e+00 Reference value :  1.70923e+00 Reference value :  2.13600e+00 Reference value :  2.56327e+00 Reference value :  2.99119e+00 Reference value :  3.42010e+00 Reference value :  3.85044e+00 Reference value :  4.27587e+00 Reference value :  4.70241e+00 Reference value :  5.00132e+00 Reference value :  5.00583e+00 Reference value :  5.01072e+00 Reference value :  5.35403e+00 Reference value :  5.78360e+00
No. of Data Rows : 673344

  Measurements for Transient Analysis

vsw_pk              =  5.469441e+01 at=  5.000431e+00
vgs_off             =  2.517684e-01


Total analysis time (seconds) = 4.13437

Total elapsed time (seconds) = 4.136 

Total DRAM available = 61942.242 MB.
DRAM currently available = 11136.090 MB.
Maximum ngspice program size =   39.875 MB.
Current ngspice program size =   25.617 MB.

Shared ngspice pages =    8.062 MB.
Text (code) pages =    6.512 MB.
Stack = 0 bytes.
Library pages =   17.746 MB.

