
Note: No compatibility mode selected!


Circuit: * upc1237_ssr.cir — защита АС: upc1237 + vom1271 + 2x n-mosfet (встречно, общие истоки)

Doing analysis at TEMP = 27.000000 and TNOM = 27.000000

Using SPARSE 1.3 as Direct Linear Solver
Operating point simulation skipped by 'uic',
  now using transient initial conditions.
 Reference value :  1.00000e-07 Reference value :  4.20439e-01 Reference value :  8.41959e-01 Reference value :  1.26435e+00 Reference value :  1.68766e+00 Reference value :  2.11037e+00 Reference value :  2.53326e+00 Reference value :  2.95569e+00 Reference value :  3.37666e+00 Reference value :  3.79849e+00 Reference value :  4.22025e+00 Reference value :  4.64110e+00 Reference value :  5.00079e+00 Reference value :  5.00495e+00 Reference value :  5.00975e+00 Reference value :  5.25779e+00 Reference value :  5.67575e+00
No. of Data Rows : 673432

  Measurements for Transient Analysis

ikey0               =  5.190380e+00 at=  5.000432e+00
t_det               =   5.00043e+00
t_vgs_off           =   5.00043e+00
t_off               =  5.81850e-07
vsw_pk              =  5.470504e+01 at=  5.000432e+00
vsw_pk_t            =  5.470504e+01 at=  5.000432e+00
vsw_late            =  5.004033e+01 at=  5.007046e+00


Total analysis time (seconds) = 4.20149

Total elapsed time (seconds) = 4.206 

Total DRAM available = 61942.242 MB.
DRAM currently available = 11228.461 MB.
Maximum ngspice program size =   50.309 MB.
Current ngspice program size =   35.828 MB.

Shared ngspice pages =    7.992 MB.
Text (code) pages =    6.512 MB.
Stack = 0 bytes.
Library pages =   28.180 MB.

