
Note: No compatibility mode selected!


Circuit: * upc1237_ssr.cir — защита АС: upc1237 + vom1271 + 2x n-mosfet (встречно, общие истоки)

Doing analysis at TEMP = 27.000000 and TNOM = 27.000000

Using SPARSE 1.3 as Direct Linear Solver
Operating point simulation skipped by 'uic',
  now using transient initial conditions.
 Reference value :  2.00000e-07 Reference value :  9.09747e-01 Reference value :  1.82491e+00 Reference value :  2.73915e+00 Reference value :  3.65809e+00 Reference value :  4.56007e+00 Reference value :  5.45947e+00 Reference value :  6.35887e+00 Reference value :  7.25545e+00
No. of Data Rows : 400095

  Measurements for Transient Analysis

vic                 =  3.468470e+00
vdly_on             =   4.36210e+00
iled                =  1.105203e-02
vgs                 =  8.362694e+00
vlogic              =  5.000000e+00


Total analysis time (seconds) = 2.21069

Total elapsed time (seconds) = 2.213 

Total DRAM available = 61942.242 MB.
DRAM currently available = 11716.641 MB.
Maximum ngspice program size =   42.535 MB.
Current ngspice program size =   28.539 MB.

Shared ngspice pages =    8.090 MB.
Text (code) pages =    6.512 MB.
Stack = 0 bytes.
Library pages =   20.406 MB.

