
Note: No compatibility mode selected!


Circuit: * upc1237_ssr.cir — защита АС: upc1237 + vom1271 + 2x n-mosfet (встречно, общие истоки)

Doing analysis at TEMP = 27.000000 and TNOM = 27.000000

Using SPARSE 1.3 as Direct Linear Solver
Operating point simulation skipped by 'uic',
  now using transient initial conditions.
 Reference value :  2.00000e-07 Reference value :  8.98367e-01 Reference value :  1.80937e+00 Reference value :  2.71781e+00 Reference value :  3.62385e+00 Reference value :  4.51791e+00 Reference value :  5.40015e+00 Reference value :  6.28437e+00 Reference value :  7.16963e+00
No. of Data Rows : 400078

  Measurements for Transient Analysis

vic                 =  3.469514e+00
vdly_on             =   4.35997e+00
iled                =  1.105203e-02
vgs                 =  8.362694e+00
vlogic              =  5.000000e+00


Total analysis time (seconds) = 2.24096

Total elapsed time (seconds) = 2.243 

Total DRAM available = 61942.242 MB.
DRAM currently available = 11018.809 MB.
Maximum ngspice program size =   42.547 MB.
Current ngspice program size =   28.562 MB.

Shared ngspice pages =    8.105 MB.
Text (code) pages =    6.512 MB.
Stack = 0 bytes.
Library pages =   20.418 MB.

