
Note: No compatibility mode selected!


Circuit: * upc1237_ssr.cir — защита АС: upc1237 + vom1271 + 2x n-mosfet (встречно, общие истоки)

Doing analysis at TEMP = 27.000000 and TNOM = 27.000000

Using SPARSE 1.3 as Direct Linear Solver
Operating point simulation skipped by 'uic',
  now using transient initial conditions.
 Reference value :  2.00000e-07 Reference value :  9.06887e-01 Reference value :  1.81785e+00 Reference value :  2.73325e+00 Reference value :  3.64987e+00 Reference value :  4.55633e+00 Reference value :  5.45405e+00 Reference value :  6.34801e+00 Reference value :  7.24717e+00 Reference value :  8.14825e+00
No. of Data Rows : 450161

  Measurements for Transient Analysis

t_det               =   5.17621e+00
t_delay             =  1.76212e-01
vlatch_end          =  4.999989e+00
t_vgs_off           =   5.17621e+00
t_off               =  1.70832e-06


Total analysis time (seconds) = 2.49028

Total elapsed time (seconds) = 2.493 

Total DRAM available = 61942.242 MB.
DRAM currently available = 11746.496 MB.
Maximum ngspice program size =   37.957 MB.
Current ngspice program size =   23.855 MB.

Shared ngspice pages =    7.984 MB.
Text (code) pages =    6.512 MB.
Stack = 0 bytes.
Library pages =   15.828 MB.

