
Note: No compatibility mode selected!


Circuit: * upc1237_ssr.cir — защита АС: upc1237 + vom1271 + 2x n-mosfet (встречно, общие истоки)

Doing analysis at TEMP = 27.000000 and TNOM = 27.000000

Using SPARSE 1.3 as Direct Linear Solver
Operating point simulation skipped by 'uic',
  now using transient initial conditions.
 Reference value :  5.00000e-07 Reference value :  2.25478e+00 Reference value :  4.51078e+00 Reference value :  6.76263e+00
No. of Data Rows : 160101

  Measurements for Transient Analysis

vspk                =  1.516889e-01
vamp                =  9.981038e-02
ikey                =  -9.981038e+00
voff_out            =  9.981038e-02
rds_key             =  -5.19770e-03


Total analysis time (seconds) = 0.888991

Total elapsed time (seconds) = 0.891 

Total DRAM available = 61942.242 MB.
DRAM currently available = 11122.191 MB.
Maximum ngspice program size =   29.109 MB.
Current ngspice program size =   15.266 MB.

Shared ngspice pages =    8.242 MB.
Text (code) pages =    6.512 MB.
Stack = 0 bytes.
Library pages =    6.980 MB.

