
Note: No compatibility mode selected!


Circuit: * upc1237_ssr.cir — защита АС: upc1237 + vom1271 + 2x n-mosfet (встречно, общие истоки)

Doing analysis at TEMP = 27.000000 and TNOM = 27.000000

Using SPARSE 1.3 as Direct Linear Solver
Operating point simulation skipped by 'uic',
  now using transient initial conditions.
 Reference value :  2.00000e-07 Reference value :  8.92607e-01 Reference value :  1.79095e+00 Reference value :  2.68869e+00 Reference value :  3.58723e+00 Reference value :  4.47467e+00 Reference value :  5.36067e+00 Reference value :  6.24249e+00 Reference value :  7.12357e+00 Reference value :  8.00879e+00 Reference value :  8.89301e+00
No. of Data Rows : 450166

  Measurements for Transient Analysis

vn2_pre             =  -1.315694e-19
vn2_post            =  9.348463e-01
t_det               =   5.17621e+00
t_delay             =  1.76212e-01
t_vgs_off           =   5.17621e+00
t_off               =  1.70832e-06
vflt_end            =  5.000000e+00
vlatch_end          =  4.999989e+00


Total analysis time (seconds) = 2.53413

Total elapsed time (seconds) = 2.538 

Total DRAM available = 61942.242 MB.
DRAM currently available = 11165.777 MB.
Maximum ngspice program size =   41.406 MB.
Current ngspice program size =   27.395 MB.

Shared ngspice pages =    8.070 MB.
Text (code) pages =    6.512 MB.
Stack = 0 bytes.
Library pages =   19.277 MB.

