
Note: No compatibility mode selected!


Circuit: * upc1237_ssr.cir — защита АС: upc1237 + vom1271 + 2x n-mosfet (встречно, общие истоки)

Doing analysis at TEMP = 27.000000 and TNOM = 27.000000

Using SPARSE 1.3 as Direct Linear Solver
Operating point simulation skipped by 'uic',
  now using transient initial conditions.
 Reference value :  2.00000e-07 Reference value :  8.79587e-01 Reference value :  1.77331e+00 Reference value :  2.66661e+00 Reference value :  3.55511e+00 Reference value :  4.44937e+00 Reference value :  5.33337e+00 Reference value :  6.22003e+00 Reference value :  7.10885e+00 Reference value :  7.99677e+00 Reference value :  8.88605e+00
No. of Data Rows : 450223

  Measurements for Transient Analysis

vn2_pre             =  -1.315694e-19
vn2_post            =  -9.348465e-01
t_det               =   5.03288e+00
t_delay             =  3.28796e-02
t_vgs_off           =   5.03288e+00
t_off               =  3.78739e-07
vflt_end            =  5.000000e+00
vlatch_end          =  4.999989e+00


Total analysis time (seconds) = 2.53615

Total elapsed time (seconds) = 2.539 

Total DRAM available = 61942.242 MB.
DRAM currently available = 11203.637 MB.
Maximum ngspice program size =   41.402 MB.
Current ngspice program size =   27.430 MB.

Shared ngspice pages =    8.109 MB.
Text (code) pages =    6.512 MB.
Stack = 0 bytes.
Library pages =   19.273 MB.

