
Note: No compatibility mode selected!


Circuit: * upc1237_ssr.cir — защита АС: upc1237 + vom1271 + 2x n-mosfet (встречно, общие истоки)

Doing analysis at TEMP = 27.000000 and TNOM = 27.000000

Using SPARSE 1.3 as Direct Linear Solver
Operating point simulation skipped by 'uic',
  now using transient initial conditions.
 Reference value :  5.00000e-07 Reference value :  2.24044e+00 Reference value :  4.44948e+00 Reference value :  5.99503e+00 Reference value :  7.67848e+00
No. of Data Rows : 161190

  Measurements for Transient Analysis

vg_on               =  8.362694e+00
vcs_on              =  -1.467527e-14
vgs_on              =  8.36269e+00
iled_on             =  1.105203e-02
vovl                =  6.702943e-01 at=  5.000825e+00
t_trip              =   5.00083e+00
vg_off              =  1.394167e-01
vcs_off             =  1.394167e-01
vgs_off             =  3.97419e-10
vlatch              =  4.999989e+00
ikey_pre            =  1.282381e-04
ikey_off            =  8.503780e-05


Total analysis time (seconds) = 1.04975

Total elapsed time (seconds) = 1.052 

Total DRAM available = 61942.242 MB.
DRAM currently available = 11209.402 MB.
Maximum ngspice program size =   34.062 MB.
Current ngspice program size =   19.965 MB.

Shared ngspice pages =    7.984 MB.
Text (code) pages =    6.512 MB.
Stack = 0 bytes.
Library pages =   11.934 MB.

