
Note: No compatibility mode selected!


Circuit: * upc1237_ssr.cir — защита АС: upc1237 + vom1271 + 2x n-mosfet (встречно, общие истоки)

Doing analysis at TEMP = 27.000000 and TNOM = 27.000000

Using SPARSE 1.3 as Direct Linear Solver
Operating point simulation skipped by 'uic',
  now using transient initial conditions.
 Reference value :  2.00000e-07 Reference value :  9.28687e-01 Reference value :  1.86187e+00 Reference value :  2.79305e+00 Reference value :  3.72873e+00 Reference value :  4.65196e+00 Reference value :  5.58005e+00 Reference value :  6.51812e+00 Reference value :  7.43383e+00 Reference value :  8.33925e+00
No. of Data Rows : 450238

  Measurements for Transient Analysis

vg_fault            =  4.092274e-02
vcs_fault           =  4.092274e-02
vgs_fault           =  1.19218e-12
vg_after            =  8.362694e+00
vcs_after           =  -4.812175e-15
vgs_after           =  8.36269e+00
vlatch_after        =  2.363131e-315


Total analysis time (seconds) = 2.43672

Total elapsed time (seconds) = 2.440 

Total DRAM available = 61942.242 MB.
DRAM currently available = 11218.930 MB.
Maximum ngspice program size =   37.969 MB.
Current ngspice program size =   23.980 MB.

Shared ngspice pages =    8.102 MB.
Text (code) pages =    6.512 MB.
Stack = 0 bytes.
Library pages =   15.840 MB.

