
Note: No compatibility mode selected!


Circuit: * upc1237_ssr.cir — защита АС: upc1237 + vom1271 + 2x n-mosfet (встречно, общие истоки)

Doing analysis at TEMP = 27.000000 and TNOM = 27.000000

Using SPARSE 1.3 as Direct Linear Solver
Operating point simulation skipped by 'uic',
  now using transient initial conditions.
 Reference value :  1.00000e-07 Reference value :  3.35742e-01 Reference value :  6.74532e-01 Reference value :  1.01349e+00 Reference value :  1.35163e+00 Reference value :  1.69362e+00 Reference value :  2.03544e+00 Reference value :  2.37760e+00 Reference value :  2.71605e+00 Reference value :  3.05650e+00 Reference value :  3.39638e+00 Reference value :  3.73831e+00 Reference value :  4.07841e+00 Reference value :  4.40802e+00 Reference value :  4.80806e+00 Reference value :  5.20752e+00 Reference value :  5.60704e+00 Reference value :  6.00161e+00 Reference value :  6.39502e+00
No. of Data Rows : 671663

  Measurements for Transient Analysis

vpk_amp             =  1.997504e+01 at=  6.000250e+00
vpk_spk             =  1.996207e+01 at=  6.000250e+00
imax                =  2.495441e+00 at=  6.000250e+00
vzc                 =  5.983420e-07
loss_db             =  -5.64144e-03
rds_dyn             =  5.19727e-03


Total analysis time (seconds) = 4.57526

Total elapsed time (seconds) = 4.578 

Total DRAM available = 61942.242 MB.
DRAM currently available = 11700.961 MB.
Maximum ngspice program size =   44.711 MB.
Current ngspice program size =   30.824 MB.

Shared ngspice pages =    8.199 MB.
Text (code) pages =    6.512 MB.
Stack = 0 bytes.
Library pages =   22.582 MB.

