
Note: No compatibility mode selected!


Circuit: * upc1237_ssr.cir — защита АС: upc1237 + vom1271 + 2x n-mosfet (встречно, общие истоки)

Doing analysis at TEMP = 27.000000 and TNOM = 27.000000

Using SPARSE 1.3 as Direct Linear Solver
Operating point simulation skipped by 'uic',
  now using transient initial conditions.
 Reference value :  1.00000e-07 Reference value :  3.36203e-01 Reference value :  6.73793e-01 Reference value :  1.01218e+00 Reference value :  1.34803e+00 Reference value :  1.67644e+00 Reference value :  2.01174e+00 Reference value :  2.34650e+00 Reference value :  2.68105e+00 Reference value :  3.01793e+00 Reference value :  3.35433e+00 Reference value :  3.68893e+00 Reference value :  4.02394e+00 Reference value :  4.36075e+00 Reference value :  4.71902e+00 Reference value :  5.09246e+00 Reference value :  5.46607e+00 Reference value :  5.83958e+00 Reference value :  6.21240e+00
No. of Data Rows : 675820

  Measurements for Transient Analysis

vpk_amp             =  1.495837e+01 at=  6.000254e+00
vpk_spk             =  1.493896e+01 at=  6.000254e+00
imax                =  3.734876e+00 at=  6.000254e+00
vzc                 =  1.133531e-06
loss_db             =  -1.12794e-02
rds_dyn             =  5.19752e-03


Total analysis time (seconds) = 4.70021

Total elapsed time (seconds) = 4.703 

Total DRAM available = 61942.242 MB.
DRAM currently available = 11243.480 MB.
Maximum ngspice program size =   44.844 MB.
Current ngspice program size =   30.738 MB.

Shared ngspice pages =    7.984 MB.
Text (code) pages =    6.512 MB.
Stack = 0 bytes.
Library pages =   22.715 MB.

